الالتزام: 9290f8fd9954e170c6cc1f3ed7f01d4da6749f69
التاريخ: Fri Oct  2 11:52:58 UTC 2026
--- آخر 400 سطر من سجل البناء ---
Running Gradle task 'assembleRelease'...                        
WARNING: Your app uses the following plugins that apply Kotlin Gradle Plugin (KGP): package_info_plus, share_plus, wakelock_plus
Future versions of Flutter will fail to build if your app uses plugins that apply KGP.

Please check the changelogs of these plugins and upgrade to a version that supports Built-in Kotlin.
If no such version exists, report the issue to the plugin. If necessary, here is a guide on filing
an issue against a plugin: https://docs.flutter.dev/release/breaking-changes/migrate-to-built-in-kotlin/for-app-developers#report-incompatible-kotlin-gradle-plugin-usage-to-plugin-authors

If you are a plugin author, please migrate your plugin to Built-in Kotlin using this guide: https://docs.flutter.dev/release/breaking-changes/migrate-to-built-in-kotlin/for-plugin-authors
Checking the license for package Android SDK Platform 30 in /usr/local/lib/android/sdk/licenses
License for package Android SDK Platform 30 accepted.
Preparing "Install Android SDK Platform 30 (revision 3)".
"Install Android SDK Platform 30 (revision 3)" ready.
Installing Android SDK Platform 30 in /usr/local/lib/android/sdk/platforms/android-30
"Install Android SDK Platform 30 (revision 3)" complete.
"Install Android SDK Platform 30 (revision 3)" finished.
lib/ui/screens/results_screen.dart:197:33: Error: The getter 'correct' isn't defined for the type 'Attempt'.
 - 'Attempt' is from 'package:musahhih/domain/models.dart' ('lib/domain/models.dart').
Try correcting the name to the name of an existing getter, or defining a getter or field named 'correct'.
            subtitle: Text('${a.correct} صحيح · ${a.wrong} خطأ · ${a.blank} فارغ'),
                                ^^^^^^^
lib/ui/screens/results_screen.dart:197:53: Error: The getter 'wrong' isn't defined for the type 'Attempt'.
 - 'Attempt' is from 'package:musahhih/domain/models.dart' ('lib/domain/models.dart').
Try correcting the name to the name of an existing getter, or defining a getter or field named 'wrong'.
            subtitle: Text('${a.correct} صحيح · ${a.wrong} خطأ · ${a.blank} فارغ'),
                                                    ^^^^^
lib/ui/screens/results_screen.dart:197:70: Error: The getter 'blank' isn't defined for the type 'Attempt'.
 - 'Attempt' is from 'package:musahhih/domain/models.dart' ('lib/domain/models.dart').
Try correcting the name to the name of an existing getter, or defining a getter or field named 'blank'.
            subtitle: Text('${a.correct} صحيح · ${a.wrong} خطأ · ${a.blank} فارغ'),
                                                                     ^^^^^
lib/ui/screens/scanner_screen.dart:315:50: Error: The getter 'TorchMode' isn't defined for the type '_ScannerScreenState'.
 - '_ScannerScreenState' is from 'package:musahhih/ui/screens/scanner_screen.dart' ('lib/ui/screens/scanner_screen.dart').
Try correcting the name to the name of an existing getter, or defining a getter or field named 'TorchMode'.
                  await c.setTorchMode(torchOn ? TorchMode.on : TorchMode.off);
                                                 ^^^^^^^^^
lib/ui/screens/scanner_screen.dart:315:65: Error: The getter 'TorchMode' isn't defined for the type '_ScannerScreenState'.
 - '_ScannerScreenState' is from 'package:musahhih/ui/screens/scanner_screen.dart' ('lib/ui/screens/scanner_screen.dart').
Try correcting the name to the name of an existing getter, or defining a getter or field named 'TorchMode'.
                  await c.setTorchMode(torchOn ? TorchMode.on : TorchMode.off);
                                                                ^^^^^^^^^
lib/ui/screens/scanner_screen.dart:315:27: Error: The method 'setTorchMode' isn't defined for the type 'CameraController'.
 - 'CameraController' is from 'package:camera/src/camera_controller.dart' ('../../../../.pub-cache/hosted/pub.dev/camera-0.10.6/lib/src/camera_controller.dart').
Try correcting the name to the name of an existing method, or defining a method named 'setTorchMode'.
                  await c.setTorchMode(torchOn ? TorchMode.on : TorchMode.off);
                          ^^^^^^^^^^^^
lib/vision/omr_engine.dart:274:51: Error: Member not found: 'codeBit'.
    final isKeySheet = ((codeVal >> SheetGeometry.codeBit) & 1) == 1;
                                                  ^^^^^^^
lib/vision/omr_engine.dart:234:36: Error: The argument type 'double' can't be assigned to the parameter type 'int'.
      pxPerMm: pxPerMm, sharpness: sharpness, edgeWidthMm: edgeWidthMm,
                                   ^
Target kernel_snapshot_program failed: Exception


FAILURE: Build failed with an exception.

* What went wrong:
Execution failed for task ':app:compileFlutterBuildRelease'.
> Process 'command '/opt/hostedtoolcache/flutter/stable-3.47.6-x64/flutter/bin/flutter'' finished with non-zero exit value 1

* Try:
> Run with --stacktrace option to get the stack trace.
> Run with --info or --debug option to get more log output.
> Run with --scan to get full insights from a Build Scan (powered by Develocity).
> Get more help at https://help.gradle.org.

BUILD FAILED in 2m 18s
[=========                              ] 25%                                   
Running Gradle task 'assembleRelease'...                          139.2s
Gradle task assembleRelease failed with exit code 1
